
DELL 52@DESKTOP-0H6FT88 MINGW64 ~ (master)
$ cd C:\
>

DELL 52@DESKTOP-0H6FT88 MINGW64 /c
$ cd C:\
> ;

DELL 52@DESKTOP-0H6FT88 MINGW64 /c
$ mkdir meena kumari

DELL 52@DESKTOP-0H6FT88 MINGW64 /c
$ ls
'$Recycle.Bin'/             Intel/                 'System Volume Information'/   kumari/
'$WinREAgent'/              MAVEN/                  TurboC4/                      meena/
 3VC24CS080/                MSOCache/               Users/                        oraclexe/
 Bda/                       MyJava/                 Windows/                      pagefile.sys
 Clogs/                     PerfLogs/               apache-maven-3.9.9/           swapfile.sys
 Config.Msi/               'Program Files'/         gradle-8.13/                  thippesh/
'Documents and Settings'@  'Program Files (x86)'/   hiberfil.sys                  xampp/
 DumpStack.log.tmp          ProgramData/            housing.csv
 GANI123/                   Recovery/               inetpub/

DELL 52@DESKTOP-0H6FT88 MINGW64 /c
$ cd meena kumari
bash: cd: too many arguments

DELL 52@DESKTOP-0H6FT88 MINGW64 /c
$ cd meena

DELL 52@DESKTOP-0H6FT88 MINGW64 /c/meena
$ git init
Initialized empty Git repository in C:/meena/.git/

DELL 52@DESKTOP-0H6FT88 MINGW64 /c/meena (master)
$ git clonehttps://github.com/Meena-203/3VC24CS080.git
git: 'clonehttps://github.com/Meena-203/3VC24CS080.git' is not a git command. See 'git --help'.

DELL 52@DESKTOP-0H6FT88 MINGW64 /c/meena (master)
$ git clone
$ git clonehttps://github.com/Meena-203/3VC24CS080.git
fatal: You must specify a repository to clone.

usage: git clone [<options>] [--] <repo> [<dir>]

    -v, --[no-]verbose    be more verbose
    -q, --[no-]quiet      be more quiet
    --[no-]progress       force progress reporting
    --[no-]reject-shallow don't clone shallow repository
    -n, --no-checkout     don't create a checkout
    --checkout            opposite of --no-checkout
    --[no-]bare           create a bare repository
    --[no-]mirror         create a mirror repository (implies --bare)
    -l, --[no-]local      to clone from a local repository
    --no-hardlinks        don't use local hardlinks, always copy
    --hardlinks           opposite of --no-hardlinks
    -s, --[no-]shared     setup as shared repository
    --[no-]recurse-submodules[=<pathspec>]
                          initialize submodules in the clone
    --[no-]recursive ...  alias of --recurse-submodules
    -j, --[no-]jobs <n>   number of submodules cloned in parallel
    --[no-]template <template-directory>
                          directory from which templates will be used
    --[no-]reference <repo>
                          reference repository
    --[no-]reference-if-able <repo>
                          reference repository
    --[no-]dissociate     use --reference only while cloning
    -o, --[no-]origin <name>
                          use <name> instead of 'origin' to track upstream
    -b, --[no-]branch <branch>
                          checkout <branch> instead of the remote's HEAD
    --[no-]revision <rev> clone single revision <rev> and check out
    -u, --[no-]upload-pack <path>
                          path to git-upload-pack on the remote
    --[no-]depth <depth>  create a shallow clone of that depth
    --[no-]shallow-since <time>
                          create a shallow clone since a specific time
    --[no-]shallow-exclude <ref>
                          deepen history of shallow clone, excluding ref
    --[no-]single-branch  clone only one branch, HEAD or --branch
    --[no-]tags           clone tags, and make later fetches not to follow them
    --[no-]shallow-submodules
                          any cloned submodules will be shallow
    --[no-]separate-git-dir <gitdir>
                          separate git dir from working tree
    --[no-]ref-format <format>
                          specify the reference format to use
    -c, --[no-]config <key=value>
                          set config inside the new repository
    --[no-]server-option <server-specific>
                          option to transmit
    -4, --ipv4            use IPv4 addresses only
    -6, --ipv6            use IPv6 addresses only
    --[no-]filter <args>  object filtering
    --[no-]also-filter-submodules
                          apply partial clone filters to submodules
    --[no-]remote-submodules
                          any cloned submodules will use their remote-tracking branch
    --[no-]sparse         initialize sparse-checkout file to include only files at root
    --[no-]bundle-uri <uri>
                          a URI for downloading bundles before fetching from origin remote

bash: $: command not found

DELL 52@DESKTOP-0H6FT88 MINGW64 /c/meena (master)
$ git clone https://github.com/Meena-203/3VC24CS080.git
Cloning into '3VC24CS080'...
remote: Enumerating objects: 3, done.
remote: Counting objects: 100% (3/3), done.
remote: Total 3 (delta 0), reused 0 (delta 0), pack-reused 0 (from 0)
Receiving objects: 100% (3/3), done.

DELL 52@DESKTOP-0H6FT88 MINGW64 /c/meena (master)
$ ls
3VC24CS080/

DELL 52@DESKTOP-0H6FT88 MINGW64 /c/meena (master)
$ cd 3VC24CS080

DELL 52@DESKTOP-0H6FT88 MINGW64 /c/meena/3VC24CS080 (main)
$ git init
Reinitialized existing Git repository in C:/meena/3VC24CS080/.git/

DELL 52@DESKTOP-0H6FT88 MINGW64 /c/meena/3VC24CS080 (main)
$ git config --global user.name "Meena-203"

DELL 52@DESKTOP-0H6FT88 MINGW64 /c/meena/3VC24CS080 (main)
$ git config --global user.name
Meena-203

DELL 52@DESKTOP-0H6FT88 MINGW64 /c/meena/3VC24CS080 (main)
$ git config --global user.mail"upparameenakumari2006@gmail.com"

DELL 52@DESKTOP-0H6FT88 MINGW64 /c/meena/3VC24CS080 (main)
$ git config --global user.mail

DELL 52@DESKTOP-0H6FT88 MINGW64 /c/meena/3VC24CS080 (main)
$ git config --global user.email"upparameenakumari2006@gmail.com"

DELL 52@DESKTOP-0H6FT88 MINGW64 /c/meena/3VC24CS080 (main)
$ git config --global user.email
upparameenakumari2006@gmail.com

DELL 52@DESKTOP-0H6FT88 MINGW64 /c/meena/3VC24CS080 (main)
$ touch hi.txt

DELL 52@DESKTOP-0H6FT88 MINGW64 /c/meena/3VC24CS080 (main)
$ touch hello.txt

DELL 52@DESKTOP-0H6FT88 MINGW64 /c/meena/3VC24CS080 (main)
$ git status
On branch main
Your branch is up to date with 'origin/main'.

Untracked files:
  (use "git add <file>..." to include in what will be committed)
        hello.txt
        hi.txt

nothing added to commit but untracked files present (use "git add" to track)

DELL 52@DESKTOP-0H6FT88 MINGW64 /c/meena/3VC24CS080 (main)
$ git add hii.txt
fatal: pathspec 'hii.txt' did not match any files

DELL 52@DESKTOP-0H6FT88 MINGW64 /c/meena/3VC24CS080 (main)
$ git add hi.txt

DELL 52@DESKTOP-0H6FT88 MINGW64 /c/meena/3VC24CS080 (main)
$ git status
On branch main
Your branch is up to date with 'origin/main'.

Changes to be committed:
  (use "git restore --staged <file>..." to unstage)
        new file:   hi.txt

Untracked files:
  (use "git add <file>..." to include in what will be committed)
        hello.txt


DELL 52@DESKTOP-0H6FT88 MINGW64 /c/meena/3VC24CS080 (main)
$ git add hello.txt

DELL 52@DESKTOP-0H6FT88 MINGW64 /c/meena/3VC24CS080 (main)
$ git status
On branch main
Your branch is up to date with 'origin/main'.

Changes to be committed:
  (use "git restore --staged <file>..." to unstage)
        new file:   hello.txt
        new file:   hi.txt


DELL 52@DESKTOP-0H6FT88 MINGW64 /c/meena/3VC24CS080 (main)
$ git commit --m "2 files added"
[main 6f1c537] 2 files added
 2 files changed, 0 insertions(+), 0 deletions(-)
 create mode 100644 hello.txt
 create mode 100644 hi.txt

DELL 52@DESKTOP-0H6FT88 MINGW64 /c/meena/3VC24CS080 (main)
$ git status
On branch main
Your branch is ahead of 'origin/main' by 1 commit.
  (use "git push" to publish your local commits)

nothing to commit, working tree clean

DELL 52@DESKTOP-0H6FT88 MINGW64 /c/meena/3VC24CS080 (main)
$ git push origin main
info: please complete authentication in your browser...
Enumerating objects: 4, done.
Counting objects: 100% (4/4), done.
Delta compression using up to 6 threads
Compressing objects: 100% (2/2), done.
Writing objects: 100% (3/3), 287 bytes | 287.00 KiB/s, done.
Total 3 (delta 0), reused 0 (delta 0), pack-reused 0 (from 0)
To https://github.com/Meena-203/3VC24CS080.git
   af214ce..6f1c537  main -> main

DELL 52@DESKTOP-0H6FT88 MINGW64 /c/meena/3VC24CS080 (main)
$

DELL 52@DESKTOP-0H6FT88 MINGW64 /c/meena/3VC24CS080 (main)
$
